// Jest Snapshot v1, https://goo.gl/fbAQLP

exports[`App snapshot renders the loading screen 1`] = `null`;

exports[`App snapshot renders the root without loading screen 1`] = `
<View
  style={
    Object {
      "backgroundColor": "#01194f",
      "flex": 1,
    }
  }
>
  <View
    collapsable={false}
    style={
      Object {
        "flex": 1,
      }
    }
  >
    <View
      style={
        Object {
          "flex": 1,
          "overflow": "hidden",
        }
      }
    >
      <View
        style={
          Object {
            "flex": 1,
          }
        }
      >
        <View
          collapsable={false}
          pointerEvents="auto"
          removeClippedSubviews={false}
          style={
            Array [
              Object {
                "flex": 1,
                "overflow": "hidden",
              },
              Array [
                Object {
                  "bottom": 0,
                  "left": 0,
                  "position": "absolute",
                  "right": 0,
                  "top": 0,
                },
                Object {
                  "opacity": 1,
                },
              ],
            ]
          }
        >
          <View
            style={
              Object {
                "flex": 1,
              }
            }
          >
            <View
              onLayout={[Function]}
              style={
                Object {
                  "flex": 1,
                }
              }
            >
              <View
                onMoveShouldSetResponder={[Function]}
                onMoveShouldSetResponderCapture={[Function]}
                onResponderEnd={[Function]}
                onResponderGrant={[Function]}
                onResponderMove={[Function]}
                onResponderReject={[Function]}
                onResponderRelease={[Function]}
                onResponderStart={[Function]}
                onResponderTerminate={[Function]}
                onResponderTerminationRequest={[Function]}
                onStartShouldSetResponder={[Function]}
                onStartShouldSetResponderCapture={[Function]}
                style={
                  Array [
                    Object {
                      "flex": 1,
                      "flexDirection": "column-reverse",
                      "overflow": "hidden",
                    },
                    Object {
                      "backgroundColor": "#000",
                    },
                  ]
                }
              >
                <View
                  style={
                    Object {
                      "flex": 1,
                    }
                  }
                >
                  <View
                    accessibilityElementsHidden={false}
                    pointerEvents="auto"
                    style={
                      Object {
                        "backgroundColor": "#E9E9EF",
                        "bottom": 0,
                        "left": 0,
                        "opacity": 1,
                        "paddingTop": 64,
                        "position": "absolute",
                        "right": 0,
                        "shadowColor": "black",
                        "shadowOffset": Object {
                          "height": 0,
                          "width": 0,
                        },
                        "shadowOpacity": 0.2,
                        "shadowRadius": 5,
                        "top": 0,
                        "transform": Array [
                          Object {
                            "translateX": 0,
                          },
                          Object {
                            "translateY": 0,
                          },
                        ],
                      }
                    }
                  >
                    <View
                      style={
                        Object {
                          "backgroundColor": "#01194f",
                          "flex": 1,
                        }
                      }
                    >
                      <View
                        style={
                          Object {
                            "backgroundColor": "#01194f",
                            "bottom": 0,
                            "flexDirection": "row",
                            "justifyContent": "center",
                            "left": 0,
                            "paddingVertical": 10,
                            "position": "absolute",
                            "right": 0,
                            "shadowColor": "black",
                            "shadowOffset": Object {
                              "height": -3,
                            },
                            "shadowOpacity": 0.1,
                            "shadowRadius": 3,
                          }
                        }
                      >
                        <View
                          style={
                            Object {
                              "backgroundColor": "#0e171c",
                              "borderRadius": 28,
                              "elevation": 6,
                              "marginTop": 8,
                              "padding": 1,
                              "shadowColor": "#000000",
                              "shadowOffset": Object {
                                "height": 5,
                                "width": 0,
                              },
                              "shadowOpacity": 0.24,
                              "shadowRadius": 6,
                            }
                          }
                        >
                          <View
                            accessibilityComponentType="button"
                            accessibilityTraits="button"
                            accessible={true}
                            isTVSelectable={true}
                            onResponderGrant={[Function]}
                            onResponderMove={[Function]}
                            onResponderRelease={[Function]}
                            onResponderTerminate={[Function]}
                            onResponderTerminationRequest={[Function]}
                            onStartShouldSetResponder={[Function]}
                            style={
                              Object {
                                "borderRadius": 28,
                              }
                            }
                          >
                            <View
                              pointerEvents="none"
                              style={
                                Array [
                                  Object {
                                    "alignItems": "center",
                                    "flexDirection": "row",
                                    "justifyContent": "center",
                                  },
                                  Object {
                                    "height": 56,
                                    "width": 56,
                                  },
                                ]
                              }
                            >
                              <View
                                style={
                                  Array [
                                    Object {
                                      "alignItems": "center",
                                      "justifyContent": "center",
                                    },
                                    Object {
                                      "height": 24,
                                      "width": 24,
                                    },
                                  ]
                                }
                              >
                                <View
                                  style={
                                    Object {
                                      "bottom": 0,
                                      "left": 0,
                                      "opacity": 1,
                                      "position": "absolute",
                                      "right": 0,
                                      "top": 0,
                                      "transform": Array [
                                        Object {
                                          "rotate": "0deg",
                                        },
                                      ],
                                    }
                                  }
                                >
                                  <Text
                                    accessibilityElementsHidden={true}
                                    accessible={true}
                                    allowFontScaling={false}
                                    ellipsizeMode="tail"
                                    importantForAccessibility="no-hide-descendants"
                                    pointerEvents="none"
                                    style={
                                      Array [
                                        Object {
                                          "color": "#ffffff",
                                          "fontSize": 24,
                                        },
                                        Array [
                                          Object {
                                            "transform": Array [
                                              Object {
                                                "scaleX": 1,
                                              },
                                            ],
                                          },
                                          Object {
                                            "backgroundColor": "transparent",
                                          },
                                        ],
                                        Object {
                                          "fontFamily": "material",
                                          "fontStyle": "normal",
                                          "fontWeight": "normal",
                                        },
                                      ]
                                    }
                                  >
                                    
                                  </Text>
                                </View>
                              </View>
                            </View>
                          </View>
                        </View>
                        <View
                          style={
                            Object {
                              "backgroundColor": "#0e171c",
                              "borderRadius": 28,
                              "elevation": 6,
                              "marginTop": 8,
                              "padding": 1,
                              "shadowColor": "#000000",
                              "shadowOffset": Object {
                                "height": 5,
                                "width": 0,
                              },
                              "shadowOpacity": 0.24,
                              "shadowRadius": 6,
                            }
                          }
                        >
                          <View
                            accessibilityComponentType="button"
                            accessibilityLabel="delete all goals"
                            accessibilityTraits="button"
                            accessible={true}
                            isTVSelectable={true}
                            onResponderGrant={[Function]}
                            onResponderMove={[Function]}
                            onResponderRelease={[Function]}
                            onResponderTerminate={[Function]}
                            onResponderTerminationRequest={[Function]}
                            onStartShouldSetResponder={[Function]}
                            style={
                              Object {
                                "borderRadius": 28,
                              }
                            }
                          >
                            <View
                              pointerEvents="none"
                              style={
                                Array [
                                  Object {
                                    "alignItems": "center",
                                    "flexDirection": "row",
                                    "justifyContent": "center",
                                  },
                                  Object {
                                    "height": 48,
                                    "paddingHorizontal": 16,
                                  },
                                ]
                              }
                            >
                              <View
                                style={
                                  Array [
                                    Object {
                                      "alignItems": "center",
                                      "justifyContent": "center",
                                    },
                                    Object {
                                      "height": 24,
                                      "width": 24,
                                    },
                                  ]
                                }
                              >
                                <View
                                  style={
                                    Object {
                                      "bottom": 0,
                                      "left": 0,
                                      "opacity": 1,
                                      "position": "absolute",
                                      "right": 0,
                                      "top": 0,
                                      "transform": Array [
                                        Object {
                                          "rotate": "0deg",
                                        },
                                      ],
                                    }
                                  }
                                >
                                  <Text
                                    accessibilityElementsHidden={true}
                                    accessible={true}
                                    allowFontScaling={false}
                                    ellipsizeMode="tail"
                                    importantForAccessibility="no-hide-descendants"
                                    pointerEvents="none"
                                    style={
                                      Array [
                                        Object {
                                          "color": "#ffffff",
                                          "fontSize": 24,
                                        },
                                        Array [
                                          Object {
                                            "transform": Array [
                                              Object {
                                                "scaleX": 1,
                                              },
                                            ],
                                          },
                                          Object {
                                            "backgroundColor": "transparent",
                                          },
                                        ],
                                        Object {
                                          "fontFamily": "material",
                                          "fontStyle": "normal",
                                          "fontWeight": "normal",
                                        },
                                      ]
                                    }
                                  >
                                    
                                  </Text>
                                </View>
                              </View>
                              <Text
                                accessible={true}
                                allowFontScaling={true}
                                ellipsizeMode="tail"
                                style={
                                  Array [
                                    Object {
                                      "color": "#ffffff",
                                      "fontFamily": "Helvetica Neue",
                                      "textAlign": "left",
                                      "writingDirection": "ltr",
                                    },
                                    Array [
                                      Object {
                                        "marginHorizontal": 8,
                                      },
                                      Object {
                                        "color": "#ffffff",
                                        "fontFamily": "HelveticaNeue-Medium",
                                      },
                                    ],
                                  ]
                                }
                                theme={
                                  Object {
                                    "colors": Object {
                                      "accent": "#6200ee",
                                      "backdrop": "rgba(0, 0, 0, 0.5)",
                                      "background": "#f6f6f6",
                                      "disabled": "rgba(0, 0, 0, 0.26)",
                                      "error": "#B00020",
                                      "placeholder": "rgba(255, 255, 255, 0.54)",
                                      "primary": "#6200ee",
                                      "surface": "#ffffff",
                                      "text": "#ffffff",
                                    },
                                    "dark": false,
                                    "fonts": Object {
                                      "light": "HelveticaNeue-Light",
                                      "medium": "HelveticaNeue-Medium",
                                      "regular": "Helvetica Neue",
                                      "thin": "HelveticaNeue-Thin",
                                    },
                                    "roundness": 4,
                                  }
                                }
                              >
                                DELETE ALL GOALS
                              </Text>
                            </View>
                          </View>
                        </View>
                      </View>
                    </View>
                  </View>
                </View>
                <View
                  onLayout={[Function]}
                  pointerEvents="box-none"
                  style={
                    Object {
                      "left": 0,
                      "position": "absolute",
                      "right": 0,
                      "top": 0,
                    }
                  }
                >
                  <View
                    style={
                      Object {
                        "backgroundColor": "#FFF",
                        "transform": Array [
                          Object {
                            "translateX": 0,
                          },
                        ],
                      }
                    }
                  >
                    <View
                      onLayout={[Function]}
                      pointerEvents="box-none"
                      style={
                        Object {
                          "backgroundColor": "#FFF",
                          "borderBottomColor": "#A7A7AA",
                          "borderBottomWidth": 0.5,
                          "height": 64,
                          "paddingBottom": 0,
                          "paddingLeft": 0,
                          "paddingRight": 0,
                          "paddingTop": 20,
                        }
                      }
                    >
                      <View
                        style={
                          Object {
                            "flex": 1,
                          }
                        }
                      >
                        <View
                          style={
                            Object {
                              "bottom": 0,
                              "flexDirection": "row",
                              "left": 0,
                              "position": "absolute",
                              "right": 0,
                              "top": 0,
                            }
                          }
                        >
                          <View
                            pointerEvents="box-none"
                            style={
                              Object {
                                "alignItems": "center",
                                "backgroundColor": "transparent",
                                "bottom": 0,
                                "flexDirection": "row",
                                "justifyContent": "center",
                                "left": 0,
                                "opacity": 1,
                                "position": "absolute",
                                "right": 0,
                                "top": 0,
                              }
                            }
                          >
                            <Text
                              accessibilityTraits="header"
                              accessible={false}
                              allowFontScaling={true}
                              ellipsizeMode="tail"
                              numberOfLines={1}
                              onLayout={[Function]}
                              style={
                                Object {
                                  "color": "rgba(0, 0, 0, .9)",
                                  "fontSize": 17,
                                  "fontWeight": "600",
                                  "marginHorizontal": 16,
                                  "textAlign": "center",
                                }
                              }
                            >
                              My Goals
                            </Text>
                          </View>
                        </View>
                      </View>
                    </View>
                  </View>
                </View>
              </View>
            </View>
          </View>
        </View>
      </View>
      <View
        onLayout={[Function]}
        pointerEvents="box-none"
        style={
          Object {
            "backgroundColor": "#fff",
            "borderTopColor": "rgba(0, 0, 0, .3)",
            "borderTopWidth": 0.5,
            "flexDirection": "row",
            "height": 49,
            "paddingBottom": 0,
            "paddingLeft": 0,
            "paddingRight": 0,
            "paddingTop": 0,
          }
        }
      >
        <View
          accessibilityLabel="My Goals"
          accessible={true}
          onResponderGrant={[Function]}
          onResponderMove={[Function]}
          onResponderRelease={[Function]}
          onResponderTerminate={[Function]}
          onResponderTerminationRequest={[Function]}
          onStartShouldSetResponder={[Function]}
          style={
            Array [
              Object {
                "alignItems": "center",
                "flex": 1,
              },
              Object {
                "backgroundColor": "transparent",
              },
              Object {
                "flexDirection": "column",
                "justifyContent": "flex-end",
              },
              undefined,
            ]
          }
        >
          <View
            style={
              Array [
                Object {
                  "height": 29,
                },
                false,
                Object {
                  "flex": 1,
                },
              ]
            }
          >
            <View
              style={
                Object {
                  "alignItems": "center",
                  "alignSelf": "center",
                  "height": "100%",
                  "justifyContent": "center",
                  "minWidth": 25,
                  "opacity": 1,
                  "position": "absolute",
                  "width": "100%",
                }
              }
            >
              <Text
                accessible={true}
                allowFontScaling={false}
                ellipsizeMode="tail"
                style={
                  Array [
                    Object {
                      "color": "#01194f",
                      "fontSize": 26,
                    },
                    Object {
                      "marginBottom": -3,
                    },
                    Object {
                      "fontFamily": "ionicons",
                      "fontStyle": "normal",
                      "fontWeight": "normal",
                    },
                  ]
                }
              >
                
              </Text>
            </View>
            <View
              style={
                Object {
                  "alignItems": "center",
                  "alignSelf": "center",
                  "height": "100%",
                  "justifyContent": "center",
                  "minWidth": 25,
                  "opacity": 0,
                  "position": "absolute",
                  "width": "100%",
                }
              }
            >
              <Text
                accessible={true}
                allowFontScaling={false}
                ellipsizeMode="tail"
                style={
                  Array [
                    Object {
                      "color": "#ccc",
                      "fontSize": 26,
                    },
                    Object {
                      "marginBottom": -3,
                    },
                    Object {
                      "fontFamily": "ionicons",
                      "fontStyle": "normal",
                      "fontWeight": "normal",
                    },
                  ]
                }
              >
                
              </Text>
            </View>
          </View>
          <Text
            accessible={true}
            allowFontScaling={true}
            ellipsizeMode="tail"
            numberOfLines={1}
            style={
              Object {
                "backgroundColor": "transparent",
                "color": "#3478f6",
                "fontSize": 11,
                "marginBottom": 1.5,
                "textAlign": "center",
              }
            }
          >
            My Goals
          </Text>
        </View>
        <View
          accessibilityLabel="Steps"
          accessible={true}
          onResponderGrant={[Function]}
          onResponderMove={[Function]}
          onResponderRelease={[Function]}
          onResponderTerminate={[Function]}
          onResponderTerminationRequest={[Function]}
          onStartShouldSetResponder={[Function]}
          style={
            Array [
              Object {
                "alignItems": "center",
                "flex": 1,
              },
              Object {
                "backgroundColor": "transparent",
              },
              Object {
                "flexDirection": "column",
                "justifyContent": "flex-end",
              },
              undefined,
            ]
          }
        >
          <View
            style={
              Array [
                Object {
                  "height": 29,
                },
                false,
                Object {
                  "flex": 1,
                },
              ]
            }
          >
            <View
              style={
                Object {
                  "alignItems": "center",
                  "alignSelf": "center",
                  "height": "100%",
                  "justifyContent": "center",
                  "minWidth": 25,
                  "opacity": 0,
                  "position": "absolute",
                  "width": "100%",
                }
              }
            >
              <Text
                accessible={true}
                allowFontScaling={false}
                ellipsizeMode="tail"
                style={
                  Array [
                    Object {
                      "color": "#01194f",
                      "fontSize": 26,
                    },
                    Object {
                      "marginBottom": -3,
                    },
                    Object {
                      "fontFamily": "ionicons",
                      "fontStyle": "normal",
                      "fontWeight": "normal",
                    },
                  ]
                }
              >
                
              </Text>
            </View>
            <View
              style={
                Object {
                  "alignItems": "center",
                  "alignSelf": "center",
                  "height": "100%",
                  "justifyContent": "center",
                  "minWidth": 25,
                  "opacity": 1,
                  "position": "absolute",
                  "width": "100%",
                }
              }
            >
              <Text
                accessible={true}
                allowFontScaling={false}
                ellipsizeMode="tail"
                style={
                  Array [
                    Object {
                      "color": "#ccc",
                      "fontSize": 26,
                    },
                    Object {
                      "marginBottom": -3,
                    },
                    Object {
                      "fontFamily": "ionicons",
                      "fontStyle": "normal",
                      "fontWeight": "normal",
                    },
                  ]
                }
              >
                
              </Text>
            </View>
          </View>
          <Text
            accessible={true}
            allowFontScaling={true}
            ellipsizeMode="tail"
            numberOfLines={1}
            style={
              Object {
                "backgroundColor": "transparent",
                "color": "#929292",
                "fontSize": 11,
                "marginBottom": 1.5,
                "textAlign": "center",
              }
            }
          >
            Steps
          </Text>
        </View>
      </View>
    </View>
  </View>
</View>
`;
